01070006
01080203
01090004
01090005
01100003
02020003
02020005
02030103
02030104
02030105
02030201
02040101
02040104
02040105
02050101
02050102
02050103
02050104
02050105
02050107
02050206
02050301
02050305
03010107
03020101
03020102
03020103
03020201
03020202
03020203
03030002
03030004
03030007
03050109
03070103
03100101
03100204
03100208
03110205
03110206
03120001
03130001
03130002
03130008
03130011
03140202
03160113
03170005
04040003
04050001
04050003
04100003
04100004
04100008
04100013
04300103
05030104
05040001
05040002
05040003
05040004
05040006
05060001
05100201
05100205
05120102
05120103
05120106
05120108
05120110
05120111
05120113
05120201
05120202
05120204
05120205
05120208
05130205
06010105
06010203
07010206
07020009
07060001
07060002
07060003
07060004
07060005
07060006
07080101
07080102
07080103
07080104
07080105
07080106
07080201
07080202
07080203
07080204
07080205
07080208
07080209
07090001
07090002
07090003
07100002
07100004
07100005
07100006
07100007
07100008
07110001
07110002
07110009
07120001
07120002
07120004
07120006
07140101
07140102
07140103
08020301
08020302
08020401
08040101
08040203
08040205
08040207
08070201
08080103
08080202
09020306
10170104
10170203
10180009
10190012
10230001
10230003
10230004
10230005
10230006
10230007
10240001
10240002
10240003
10240004
10240005
10240009
10240010
10240011
10240012
10240013
10270101
10270102
10270205
10280101
10280102
10280201
10290201
10300101
11010004
11010009
11010013
11010014
11050003
11070103
11090202
11090203
11090204
11100303
11110104
11110202
11110205
11120303
11130202
11130203
11130208
11130301
11130302
11130303
11130304
11140102
11140103
11140104
11140105
12010004
12020001
12020002
12020003
12020004
12020005
12020006
12020007
12030101
12030102
12030103
12030104
12030105
12030106
12030107
12030108
12030109
12030202
12040101
12040102
12040103
12040104
12060102
12060202
12070205
12090205
12090301
12090302
12100201
12100202
12100203
12100204
12100302
12100303
12100304
12110110
13020101
13020102
13040212
13050004
13080001
13080002
13090001
14030003
14040200
16050201
17010208
17050114
17090002
17090012
17100103
18060002
19020301
19020302
19020602
20010000
20040000
21010005
