# List of files for units to delete
##### Add a comment to the line to keep the file
# 3d_nld_subset_levees_burned.gpkg
agree_binary_bufgrid.tif
agree_bufgrid.tif
agree_bufgrid_allo.tif
agree_bufgrid_dist.tif
agree_bufgrid_zerod.tif
agree_smogrid.tif
agree_smogrid_allo.tif
agree_smogrid_dist.tif
agree_smogrid_zerod.tif
# branch_id.csv
# branch_id.lst
branch_polygons.parquet
bridge_elev_diff_meters.tif
# buildings_fimpact.csv
buildings_subset.gpkg
dem_burned.tif
dem_burned_filled.tif
dem_meters.tif
dem_meters_orig.tif
dem_meters_pit_fill.tif
DEM_Domain.parquet
flowdir_d8_burned_filled.tif
flows_grid_boolean.tif
# LandSea_subset.gpkg
# LeveeProtectedAreas_subset.gpkg
# nld_subset_levees.gpkg
# nwm_catchments_proj_subset.gpkg
# nwm_catchments_proj_subset_levelPaths.parquet
nwm_headwaters.gpkg
nwm_headwater_points_subset.gpkg
# nwm_lakes_proj_subset.gpkg
# nwm_subset_streams.gpkg
# nwm_subset_streams_levelPaths.parquet
nwm_subset_streams_levelPaths_dissolved.parquet
# nwm_subset_streams_levelPaths_dissolved_extended.parquet
nwm_subset_streams_levelPaths_dissolved_headwaters.parquet
nws_lid.gpkg
# osm_bridge_centroids.gpkg
# osm_roads_fimpact.csv
# osm_roads_subset.gpkg
# ras_elev_table.csv
reformat_ras_rating_curve_points_rel_101.gpkg
# usgs_elev_table.csv
usgs_gages.gpkg
# usgs_subset_gages.gpkg
# usgs_subset_gages_0.gpkg
# wbd.gpkg
# wbd8_clp.gpkg
wbd_buffered.gpkg
wbd_buffered_streams.gpkg


